This is XeTeX, Version 3.141592653-2.6-0.999997 (MiKTeX 25.12) (preloaded format=xelatex 2026.9.10)  14 SEP 2026 12:11
entering extended mode
 restricted \write18 enabled.
 file:line:error style messages enabled.
 %&-line parsing enabled.
**"c:/Users/Svt/Desktop/CV/3d/misis_article/Хлобустова Светлана МПИ-25-1-1 CV 3
d.tex"

(c:/Users/Svt/Desktop/CV/3d/misis_article/Хлобустова Светлана МПИ-25-1-1 CV 3d.
tex
LaTeX2e <2025-11-01>
L3 programming layer <2025-12-24>
(misisarticle.cls
Document Class: misisarticle 2026/08/23 v1.1 MISiS article template
(C:\Users\Svt\AppData\Local\Programs\MiKTeX\tex/latex/base\article.cls
Document Class: article 2025/01/22 v1.4n Standard LaTeX document class
(C:\Users\Svt\AppData\Local\Programs\MiKTeX\tex/latex/base\size10.clo
File: size10.clo 2025/01/22 v1.4n Standard LaTeX file (size option)
)
\c@part=\count271
\c@section=\count272
\c@subsection=\count273
\c@subsubsection=\count274
\c@paragraph=\count275
\c@subparagraph=\count276
\c@figure=\count277
\c@table=\count278
\abovecaptionskip=\skip49
\belowcaptionskip=\skip50
\bibindent=\dimen148
)
(C:\Users\Svt\AppData\Local\Programs\MiKTeX\tex/latex/geometry\geometry.sty
Package: geometry 2026/03/07 v6.0 Page Geometry

(C:\Users\Svt\AppData\Local\Programs\MiKTeX\tex/latex/graphics\keyval.sty
Package: keyval 2022/05/29 v1.15 key=value parser (DPC)
\KV@toks@=\toks17
)
(C:\Users\Svt\AppData\Local\Programs\MiKTeX\tex/generic/iftex\ifvtex.sty
Package: ifvtex 2019/10/25 v1.7 ifvtex legacy package. Use iftex instead.

(C:\Users\Svt\AppData\Local\Programs\MiKTeX\tex/generic/iftex\iftex.sty
Package: iftex 2024/12/12 v1.0g TeX engine tests
))
\Gm@cnth=\count279
\Gm@cntv=\count280
\c@Gm@tempcnt=\count281
\Gm@bindingoffset=\dimen149
\Gm@wd@mp=\dimen150
\Gm@odd@mp=\dimen151
\Gm@even@mp=\dimen152
\Gm@layoutwidth=\dimen153
\Gm@layoutheight=\dimen154
\Gm@layouthoffset=\dimen155
\Gm@layoutvoffset=\dimen156
\Gm@dimlist=\toks18

(C:\Users\Svt\AppData\Local\Programs\MiKTeX\tex/latex/geometry\geometry.cfg))
(C:\Users\Svt\AppData\Local\Programs\MiKTeX\tex/latex/fontspec\fontspec.sty
(C:\Users\Svt\AppData\Local\Programs\MiKTeX\tex/latex/l3packages/xparse\xparse.
sty (C:\Users\Svt\AppData\Local\Programs\MiKTeX\tex/latex/l3kernel\expl3.sty
Package: expl3 2025-12-24 L3 programming layer (loader) 

(C:\Users\Svt\AppData\Local\Programs\MiKTeX\tex/latex/l3backend\l3backend-xetex
.def
File: l3backend-xetex.def 2025-10-09 L3 backend support: XeTeX
\g__graphics_track_int=\count282
\g__pdfannot_backend_int=\count283
\g__pdfannot_backend_link_int=\count284
))
Package: xparse 2025-10-09 L3 Experimental document command parser
)
Package: fontspec 2025/09/29 v2.9g Font selection for XeLaTeX and LuaLaTeX

(C:\Users\Svt\AppData\Local\Programs\MiKTeX\tex/latex/fontspec\fontspec-xetex.s
ty
Package: fontspec-xetex 2025/09/29 v2.9g Font selection for XeLaTeX and LuaLaTe
X
\l__fontspec_script_int=\count285
\l__fontspec_language_int=\count286
\l__fontspec_strnum_int=\count287
\l__fontspec_tmp_int=\count288
\l__fontspec_tmpa_int=\count289
\l__fontspec_tmpb_int=\count290
\l__fontspec_tmpc_int=\count291
\l__fontspec_em_int=\count292
\l__fontspec_emdef_int=\count293
\l__fontspec_strong_int=\count294
\l__fontspec_strongdef_int=\count295
\l__fontspec_tmpa_dim=\dimen157
\l__fontspec_tmpb_dim=\dimen158
\l__fontspec_tmpc_dim=\dimen159
 (C:\Users\Svt\AppData\Local\Programs\MiKTeX\tex/latex/base\fontenc.sty
Package: fontenc 2025/07/18 v2.1d Standard LaTeX package
)
(C:\Users\Svt\AppData\Local\Programs\MiKTeX\tex/latex/fontspec\fontspec.cfg)))
(C:\Users\Svt\AppData\Local\Programs\MiKTeX\tex/latex/polyglossia\polyglossia.s
ty
Package: polyglossia 2026/07/22 v2.12 Modern multilingual typesetting with XeLa
TeX and LuaLaTeX
 (C:\Users\Svt\AppData\Local\Programs\MiKTeX\tex/latex/etoolbox\etoolbox.sty
Package: etoolbox 2025/10/02 v2.5m e-TeX tools for LaTeX (JAW)
\etb@tempcnta=\count296
)
\l_xpg_alias_keyvals_int=\count297

(C:\Users\Svt\AppData\Local\Programs\MiKTeX\tex/latex/polyglossia\gloss-latex.l
df
File: gloss-latex.ldf polyglossia: module for default language
))
(C:\Users\Svt\AppData\Local\Programs\MiKTeX\tex/latex/polyglossia\gloss-russian
.ldf
File: gloss-russian.ldf polyglossia: module for Russian

(C:\Users\Svt\AppData\Local\Programs\MiKTeX\tex/latex/polyglossia\xpg-cyrillicn
umbers.sty
Package: xpg-cyrillicnumbers 2019/11/15 v0.2 Formatting of Cyrillic alphabetic 
numbers
)
(C:\Users\Svt\AppData\Local\Programs\MiKTeX\tex/latex/polyglossia\babelsh.def
File: babelsh.def 2022/06/21 Babel common definitions for shorthands
 Taken verbatim from babel files (2022/06/06 v3.76)
)
Package babel Info: Making " an active character on input line 120.
)

Package polyglossia Info: Default language is russian


(C:\Users\Svt\AppData\Local\Programs\MiKTeX\tex/latex/polyglossia\gloss-english
.ldf
File: gloss-english.ldf polyglossia: module for English
)
(C:\Users\Svt\AppData\Local\Programs\MiKTeX\tex/latex/microtype\microtype.sty
Package: microtype 2026/03/01 v3.2d Micro-typographical refinements (RS)
\MT@toks=\toks19
\MT@tempbox=\box53
\MT@count=\count298
LaTeX Info: Redefining \noprotrusionifhmode on input line 1084.
LaTeX Info: Redefining \leftprotrusion on input line 1085.
\MT@prot@toks=\toks20
LaTeX Info: Redefining \rightprotrusion on input line 1104.
LaTeX Info: Redefining \textls on input line 1449.
\MT@outer@kern=\dimen160
LaTeX Info: Redefining \microtypecontext on input line 2053.
LaTeX Info: Redefining \textmicrotypecontext on input line 2070.
\MT@listname@count=\count299

(C:\Users\Svt\AppData\Local\Programs\MiKTeX\tex/latex/microtype\microtype-xetex
.def
File: microtype-xetex.def 2026/03/01 v3.2d Definitions specific to xetex (RS)
LaTeX Info: Redefining \lsstyle on input line 443.
LaTeX Info: Redefining \lslig on input line 451.
\MT@outer@space=\skip51
)
Package microtype Info: Loading configuration file microtype.cfg.

(C:\Users\Svt\AppData\Local\Programs\MiKTeX\tex/latex/microtype\microtype.cfg
File: microtype.cfg 2026/03/01 v3.2d microtype main configuration file (RS)
)
LaTeX Info: Redefining \microtypesetup on input line 3065.
) (C:\Users\Svt\AppData\Local\Programs\MiKTeX\tex/latex/graphics\graphicx.sty
Package: graphicx 2024/12/31 v1.2e Enhanced LaTeX Graphics (DPC,SPQR)

(C:\Users\Svt\AppData\Local\Programs\MiKTeX\tex/latex/graphics\graphics.sty
Package: graphics 2024/08/06 v1.4g Standard LaTeX Graphics (DPC,SPQR)

(C:\Users\Svt\AppData\Local\Programs\MiKTeX\tex/latex/graphics\trig.sty
Package: trig 2023/12/02 v1.11 sin cos tan (DPC)
)
(C:\Users\Svt\AppData\Local\Programs\MiKTeX\tex/latex/graphics-cfg\graphics.cfg
File: graphics.cfg 2016/06/04 v1.11 sample graphics configuration
)
Package graphics Info: Driver file: xetex.def on input line 106.
 (C:\Users\Svt\AppData\Local\Programs\MiKTeX\tex/latex/graphics-def\xetex.def
File: xetex.def 2025/11/01 v5.0p Graphics/color driver for xetex
))
\Gin@req@height=\dimen161
\Gin@req@width=\dimen162
) (C:\Users\Svt\AppData\Local\Programs\MiKTeX\tex/latex/amsmath\amsmath.sty
Package: amsmath 2025/07/09 v2.17z AMS math features
\@mathmargin=\skip52

For additional information on amsmath, use the `?' option.
(C:\Users\Svt\AppData\Local\Programs\MiKTeX\tex/latex/amsmath\amstext.sty
Package: amstext 2024/11/17 v2.01 AMS text

(C:\Users\Svt\AppData\Local\Programs\MiKTeX\tex/latex/amsmath\amsgen.sty
File: amsgen.sty 1999/11/30 v2.0 generic functions
\@emptytoks=\toks21
\ex@=\dimen163
))
(C:\Users\Svt\AppData\Local\Programs\MiKTeX\tex/latex/amsmath\amsbsy.sty
Package: amsbsy 1999/11/29 v1.2d Bold Symbols
\pmbraise@=\dimen164
)
(C:\Users\Svt\AppData\Local\Programs\MiKTeX\tex/latex/amsmath\amsopn.sty
Package: amsopn 2022/04/08 v2.04 operator names
)
\inf@bad=\count300
LaTeX Info: Redefining \frac on input line 233.
\uproot@=\count301
\leftroot@=\count302
LaTeX Info: Redefining \overline on input line 398.
LaTeX Info: Redefining \colon on input line 409.
\classnum@=\count303
\DOTSCASE@=\count304
LaTeX Info: Redefining \ldots on input line 495.
LaTeX Info: Redefining \dots on input line 498.
LaTeX Info: Redefining \cdots on input line 619.
\Mathstrutbox@=\box54
\strutbox@=\box55
LaTeX Info: Redefining \big on input line 721.
LaTeX Info: Redefining \Big on input line 722.
LaTeX Info: Redefining \bigg on input line 723.
LaTeX Info: Redefining \Bigg on input line 724.
\big@size=\dimen165
LaTeX Font Info:    Redeclaring font encoding OML on input line 742.
LaTeX Font Info:    Redeclaring font encoding OMS on input line 743.
\macc@depth=\count305
LaTeX Info: Redefining \bmod on input line 904.
LaTeX Info: Redefining \pmod on input line 909.
LaTeX Info: Redefining \smash on input line 939.
LaTeX Info: Redefining \relbar on input line 969.
LaTeX Info: Redefining \Relbar on input line 970.
\c@MaxMatrixCols=\count306
\dotsspace@=\muskip17
\c@parentequation=\count307
\dspbrk@lvl=\count308
\tag@help=\toks22
\row@=\count309
\column@=\count310
\maxfields@=\count311
\andhelp@=\toks23
\eqnshift@=\dimen166
\alignsep@=\dimen167
\tagshift@=\dimen168
\tagwidth@=\dimen169
\totwidth@=\dimen170
\lineht@=\dimen171
\@envbody=\toks24
\multlinegap=\skip53
\multlinetaggap=\skip54
\mathdisplay@stack=\toks25
LaTeX Info: Redefining \[ on input line 2950.
LaTeX Info: Redefining \] on input line 2951.
)
(C:\Users\Svt\AppData\Local\Programs\MiKTeX\tex/latex/amsfonts\amssymb.sty
Package: amssymb 2013/01/14 v3.01 AMS font symbols

(C:\Users\Svt\AppData\Local\Programs\MiKTeX\tex/latex/amsfonts\amsfonts.sty
Package: amsfonts 2013/01/14 v3.01 Basic AMSFonts support
\symAMSa=\mathgroup4
\symAMSb=\mathgroup5
LaTeX Font Info:    Redeclaring math symbol \hbar on input line 98.
LaTeX Font Info:    Overwriting math alphabet `\mathfrak' in version `bold'
(Font)                  U/euf/m/n --> U/euf/b/n on input line 106.
))
(C:\Users\Svt\AppData\Local\Programs\MiKTeX\tex/latex/booktabs\booktabs.sty
Package: booktabs 2020/01/12 v1.61803398 Publication quality tables
\heavyrulewidth=\dimen172
\lightrulewidth=\dimen173
\cmidrulewidth=\dimen174
\belowrulesep=\dimen175
\belowbottomsep=\dimen176
\aboverulesep=\dimen177
\abovetopsep=\dimen178
\cmidrulesep=\dimen179
\cmidrulekern=\dimen180
\defaultaddspace=\dimen181
\@cmidla=\count312
\@cmidlb=\count313
\@aboverulesep=\dimen182
\@belowrulesep=\dimen183
\@thisruleclass=\count314
\@lastruleclass=\count315
\@thisrulewidth=\dimen184
)
(C:\Users\Svt\AppData\Local\Programs\MiKTeX\tex/latex/tools\array.sty
Package: array 2025/09/25 v2.6n Tabular extension package (FMi)
\col@sep=\dimen185
\ar@mcellbox=\box56
\extrarowheight=\dimen186
\NC@list=\toks26
\extratabsurround=\skip55
\backup@length=\skip56
\ar@cellbox=\box57
)
(C:\Users\Svt\AppData\Local\Programs\MiKTeX\tex/latex/caption\caption.sty
Package: caption 2023/08/05 v3.6o Customizing captions (AR)

(C:\Users\Svt\AppData\Local\Programs\MiKTeX\tex/latex/caption\caption3.sty
Package: caption3 2023/07/31 v2.4d caption3 kernel (AR)
\caption@tempdima=\dimen187
\captionmargin=\dimen188
\caption@leftmargin=\dimen189
\caption@rightmargin=\dimen190
\caption@width=\dimen191
\caption@indent=\dimen192
\caption@parindent=\dimen193
\caption@hangindent=\dimen194
Package caption Info: Standard document class detected.
)
\c@caption@flags=\count316
\c@continuedfloat=\count317
)
(C:\Users\Svt\AppData\Local\Programs\MiKTeX\tex/latex/enumitem\enumitem.sty
Package: enumitem 2025/02/06 v3.11 Customized lists
\labelindent=\skip57
\enit@outerparindent=\dimen195
\enit@toks=\toks27
\enit@inbox=\box58
\enit@count@id=\count318
\enitdp@description=\count319
)
(C:\Users\Svt\AppData\Local\Programs\MiKTeX\tex/latex/tools\indentfirst.sty
Package: indentfirst 2023/07/02 v1.03 Indent first paragraph (DPC)
)
(C:\Users\Svt\AppData\Local\Programs\MiKTeX\tex/latex/setspace\setspace.sty
Package: setspace 2022/12/04 v6.7b set line spacing
)
(C:\Users\Svt\AppData\Local\Programs\MiKTeX\tex/latex/titlesec\titlesec.sty
Package: titlesec 2025/01/04 v2.17 Sectioning titles
\ttl@box=\box59
\beforetitleunit=\skip58
\aftertitleunit=\skip59
\ttl@plus=\dimen196
\ttl@minus=\dimen197
\ttl@toksa=\toks28
\titlewidth=\dimen198
\titlewidthlast=\dimen199
\titlewidthfirst=\dimen256
)
(C:\Users\Svt\AppData\Local\Programs\MiKTeX\tex/latex/url\url.sty
\Urlmuskip=\muskip18
Package: url 2013/09/16  ver 3.4  Verb mode for urls, etc.
)
(C:\Users\Svt\AppData\Local\Programs\MiKTeX\tex/latex/xurl\xurl.sty
Package: xurl 2022/01/09 v 0.10 modify URL breaks
)
(C:\Users\Svt\AppData\Local\Programs\MiKTeX\tex/latex/hyperref\hyperref.sty
Package: hyperref 2025-07-12 v7.01o Hypertext links for LaTeX

(C:\Users\Svt\AppData\Local\Programs\MiKTeX\tex/latex/kvsetkeys\kvsetkeys.sty
Package: kvsetkeys 2022-10-05 v1.19 Key value parser (HO)
)
(C:\Users\Svt\AppData\Local\Programs\MiKTeX\tex/generic/kvdefinekeys\kvdefineke
ys.sty
Package: kvdefinekeys 2019-12-19 v1.6 Define keys (HO)
)
(C:\Users\Svt\AppData\Local\Programs\MiKTeX\tex/generic/pdfescape\pdfescape.sty
Package: pdfescape 2019/12/09 v1.15 Implements pdfTeX's escape features (HO)
(C:\Users\Svt\AppData\Local\Programs\MiKTeX\tex/generic/ltxcmds\ltxcmds.sty
Package: ltxcmds 2023-12-04 v1.26 LaTeX kernel commands for general use (HO)
)
(C:\Users\Svt\AppData\Local\Programs\MiKTeX\tex/generic/pdftexcmds\pdftexcmds.s
ty
Package: pdftexcmds 2020-06-27 v0.33 Utility functions of pdfTeX for LuaTeX (HO
)

(C:\Users\Svt\AppData\Local\Programs\MiKTeX\tex/generic/infwarerr\infwarerr.sty
Package: infwarerr 2019/12/03 v1.5 Providing info/warning/error messages (HO)
)
Package pdftexcmds Info: \pdf@primitive is available.
Package pdftexcmds Info: \pdf@ifprimitive is available.
Package pdftexcmds Info: \pdfdraftmode not found.
)) (C:\Users\Svt\AppData\Local\Programs\MiKTeX\tex/latex/hycolor\hycolor.sty
Package: hycolor 2020-01-27 v1.10 Color options for hyperref/bookmark (HO)
)
(C:\Users\Svt\AppData\Local\Programs\MiKTeX\tex/latex/hyperref\nameref.sty
Package: nameref 2025-06-21 v2.57 Cross-referencing by name of section

(C:\Users\Svt\AppData\Local\Programs\MiKTeX\tex/latex/refcount\refcount.sty
Package: refcount 2019/12/15 v3.6 Data extraction from label references (HO)
)
(C:\Users\Svt\AppData\Local\Programs\MiKTeX\tex/generic/gettitlestring\gettitle
string.sty
Package: gettitlestring 2019/12/15 v1.6 Cleanup title references (HO)

(C:\Users\Svt\AppData\Local\Programs\MiKTeX\tex/latex/kvoptions\kvoptions.sty
Package: kvoptions 2022-06-15 v3.15 Key value format for package options (HO)
))
\c@section@level=\count320
)
(C:\Users\Svt\AppData\Local\Programs\MiKTeX\tex/generic/stringenc\stringenc.sty
Package: stringenc 2019/11/29 v1.12 Convert strings between diff. encodings (HO
)
)
\@linkdim=\dimen257
\Hy@linkcounter=\count321
\Hy@pagecounter=\count322
 (C:\Users\Svt\AppData\Local\Programs\MiKTeX\tex/latex/hyperref\pd1enc.def
File: pd1enc.def 2025-07-12 v7.01o Hyperref: PDFDocEncoding definition (HO)
)
(C:\Users\Svt\AppData\Local\Programs\MiKTeX\tex/generic/intcalc\intcalc.sty
Package: intcalc 2019/12/15 v1.3 Expandable calculations with integers (HO)
)
\Hy@SavedSpaceFactor=\count323

(C:\Users\Svt\AppData\Local\Programs\MiKTeX\tex/latex/hyperref\puenc.def
File: puenc.def 2025-07-12 v7.01o Hyperref: PDF Unicode definition (HO)
)
Package hyperref Info: Hyper figures OFF on input line 4195.
Package hyperref Info: Link nesting OFF on input line 4200.
Package hyperref Info: Hyper index ON on input line 4203.
Package hyperref Info: Plain pages OFF on input line 4210.
Package hyperref Info: Backreferencing OFF on input line 4215.
Package hyperref Info: Implicit mode ON; LaTeX internals redefined.
Package hyperref Info: Bookmarks ON on input line 4462.
\c@Hy@tempcnt=\count324
LaTeX Info: Redefining \url on input line 4801.
\XeTeXLinkMargin=\dimen258

(C:\Users\Svt\AppData\Local\Programs\MiKTeX\tex/generic/bitset\bitset.sty
Package: bitset 2019/12/09 v1.3 Handle bit-vector datatype (HO)

(C:\Users\Svt\AppData\Local\Programs\MiKTeX\tex/generic/bigintcalc\bigintcalc.s
ty
Package: bigintcalc 2019/12/15 v1.5 Expandable calculations on big integers (HO
)
))
\Fld@menulength=\count325
\Field@Width=\dimen259
\Fld@charsize=\dimen260
Package hyperref Info: Hyper figures OFF on input line 6078.
Package hyperref Info: Link nesting OFF on input line 6083.
Package hyperref Info: Hyper index ON on input line 6086.
Package hyperref Info: backreferencing OFF on input line 6093.
Package hyperref Info: Link coloring OFF on input line 6098.
Package hyperref Info: Link coloring with OCG OFF on input line 6103.
Package hyperref Info: PDF/A mode OFF on input line 6108.
\Hy@abspage=\count326
\c@Item=\count327
\c@Hfootnote=\count328
)
Package hyperref Info: Driver (autodetected): hxetex.
 (C:\Users\Svt\AppData\Local\Programs\MiKTeX\tex/latex/hyperref\hxetex.def
File: hxetex.def 2025-07-12 v7.01o Hyperref driver for XeTeX
\pdfm@box=\box60
\c@Hy@AnnotLevel=\count329
\HyField@AnnotCount=\count330
\Fld@listcount=\count331
\c@bookmark@seq@number=\count332

(C:\Users\Svt\AppData\Local\Programs\MiKTeX\tex/latex/rerunfilecheck\rerunfilec
heck.sty
Package: rerunfilecheck 2025-06-21 v1.11 Rerun checks for auxiliary files (HO)

(C:\Users\Svt\AppData\Local\Programs\MiKTeX\tex/generic/uniquecounter\uniquecou
nter.sty
Package: uniquecounter 2019/12/15 v1.4 Provide unlimited unique counter (HO)
)
Package uniquecounter Info: New unique counter `rerunfilecheck' on input line 2
84.
)
\Hy@SectionHShift=\skip60
)
Package hyperref Info: Option `colorlinks' set `true' on input line 49.

Package fontspec Info: 
(fontspec)             Font family 'TimesNewRoman(0)' created for font 'Times
(fontspec)             New Roman' with options
(fontspec)             [Ligatures=TeX,Ligatures=TeX,BoldFont={Times New Roman
(fontspec)             Bold},ItalicFont={Times New Roman
(fontspec)             Italic},BoldItalicFont={Times New Roman Bold Italic}].
(fontspec)              
(fontspec)              This font family consists of the following NFSS
(fontspec)             series/shapes:
(fontspec)              
(fontspec)             - 'normal' (m/n) with NFSS spec.: <->"Times New
(fontspec)             Roman/OT:script=latn;language=dflt;mapping=tex-text;"
(fontspec)             - 'small caps'  (m/sc) with NFSS spec.: <->"Times New
(fontspec)             Roman/OT:script=latn;language=dflt;+smcp;mapping=tex-tex
t;"
(fontspec)             - 'bold' (b/n) with NFSS spec.: <->"Times New Roman
(fontspec)             Bold/OT:script=latn;language=dflt;mapping=tex-text;"
(fontspec)             - 'bold small caps'  (b/sc) with NFSS spec.: <->"Times
(fontspec)             New Roman
(fontspec)             Bold/OT:script=latn;language=dflt;+smcp;mapping=tex-text
;"
(fontspec)             - 'italic' (m/it) with NFSS spec.: <->"Times New Roman
(fontspec)             Italic/OT:script=latn;language=dflt;mapping=tex-text;"
(fontspec)             - 'italic small caps'  (m/scit) with NFSS spec.:
(fontspec)             <->"Times New Roman
(fontspec)             Italic/OT:script=latn;language=dflt;+smcp;mapping=tex-te
xt;"
(fontspec)             - 'bold italic' (b/it) with NFSS spec.: <->"Times New
(fontspec)             Roman Bold
(fontspec)             Italic/OT:script=latn;language=dflt;mapping=tex-text;"
(fontspec)             - 'bold italic small caps'  (b/scit) with NFSS spec.:
(fontspec)             <->"Times New Roman Bold
(fontspec)             Italic/OT:script=latn;language=dflt;+smcp;mapping=tex-te
xt;"


Package fontspec Info: 
(fontspec)             Font family 'TimesNewRoman(1)' created for font 'Times
(fontspec)             New Roman' with options [Ligatures=TeX,BoldFont={Times
(fontspec)             New Roman Bold},ItalicFont={Times New Roman
(fontspec)             Italic},BoldItalicFont={Times New Roman Bold Italic}].
(fontspec)              
(fontspec)              This font family consists of the following NFSS
(fontspec)             series/shapes:
(fontspec)              
(fontspec)             - 'normal' (m/n) with NFSS spec.: <->"Times New
(fontspec)             Roman/OT:script=latn;language=dflt;mapping=tex-text;"
(fontspec)             - 'small caps'  (m/sc) with NFSS spec.: <->"Times New
(fontspec)             Roman/OT:script=latn;language=dflt;+smcp;mapping=tex-tex
t;"
(fontspec)             - 'bold' (b/n) with NFSS spec.: <->"Times New Roman
(fontspec)             Bold/OT:script=latn;language=dflt;mapping=tex-text;"
(fontspec)             - 'bold small caps'  (b/sc) with NFSS spec.: <->"Times
(fontspec)             New Roman
(fontspec)             Bold/OT:script=latn;language=dflt;+smcp;mapping=tex-text
;"
(fontspec)             - 'italic' (m/it) with NFSS spec.: <->"Times New Roman
(fontspec)             Italic/OT:script=latn;language=dflt;mapping=tex-text;"
(fontspec)             - 'italic small caps'  (m/scit) with NFSS spec.:
(fontspec)             <->"Times New Roman
(fontspec)             Italic/OT:script=latn;language=dflt;+smcp;mapping=tex-te
xt;"
(fontspec)             - 'bold italic' (b/it) with NFSS spec.: <->"Times New
(fontspec)             Roman Bold
(fontspec)             Italic/OT:script=latn;language=dflt;mapping=tex-text;"
(fontspec)             - 'bold italic small caps'  (b/scit) with NFSS spec.:
(fontspec)             <->"Times New Roman Bold
(fontspec)             Italic/OT:script=latn;language=dflt;+smcp;mapping=tex-te
xt;"


Package fontspec Info: 
(fontspec)             Font family 'TimesNewRoman(2)' created for font 'Times
(fontspec)             New Roman' with options [BoldFont={Times New Roman
(fontspec)             Bold},ItalicFont={Times New Roman
(fontspec)             Italic},BoldItalicFont={Times New Roman Bold Italic}].
(fontspec)              
(fontspec)              This font family consists of the following NFSS
(fontspec)             series/shapes:
(fontspec)              
(fontspec)             - 'normal' (m/n) with NFSS spec.: <->"Times New
(fontspec)             Roman/OT:script=latn;language=dflt;"
(fontspec)             - 'small caps'  (m/sc) with NFSS spec.: <->"Times New
(fontspec)             Roman/OT:script=latn;language=dflt;+smcp;"
(fontspec)             - 'bold' (b/n) with NFSS spec.: <->"Times New Roman
(fontspec)             Bold/OT:script=latn;language=dflt;"
(fontspec)             - 'bold small caps'  (b/sc) with NFSS spec.: <->"Times
(fontspec)             New Roman Bold/OT:script=latn;language=dflt;+smcp;"
(fontspec)             - 'italic' (m/it) with NFSS spec.: <->"Times New Roman
(fontspec)             Italic/OT:script=latn;language=dflt;"
(fontspec)             - 'italic small caps'  (m/scit) with NFSS spec.:
(fontspec)             <->"Times New Roman
(fontspec)             Italic/OT:script=latn;language=dflt;+smcp;"
(fontspec)             - 'bold italic' (b/it) with NFSS spec.: <->"Times New
(fontspec)             Roman Bold Italic/OT:script=latn;language=dflt;"
(fontspec)             - 'bold italic small caps'  (b/scit) with NFSS spec.:
(fontspec)             <->"Times New Roman Bold
(fontspec)             Italic/OT:script=latn;language=dflt;+smcp;"


Package fontspec Info: 
(fontspec)             Font family 'CourierNew(0)' created for font 'Courier
(fontspec)             New' with options [].
(fontspec)              
(fontspec)              This font family consists of the following NFSS
(fontspec)             series/shapes:
(fontspec)              
(fontspec)             - 'normal' (m/n) with NFSS spec.: <->"Courier
(fontspec)             New/OT:script=latn;language=dflt;"
(fontspec)             - 'bold' (b/n) with NFSS spec.: <->"Courier
(fontspec)             New/B/OT:script=latn;language=dflt;"
(fontspec)             - 'italic' (m/it) with NFSS spec.: <->"Courier
(fontspec)             New/I/OT:script=latn;language=dflt;"
(fontspec)             - 'bold italic' (b/it) with NFSS spec.: <->"Courier
(fontspec)             New/BI/OT:script=latn;language=dflt;"

\c@misis@authorcount=\count333


Package array Warning: Redefining primitive column m on input line 125.

) (Хлобустова Светлана МПИ-25-1-1 CV 3d.aux)
\openout1 = `"Хлобустова Светлана МПИ-25-1-1 CV 3d.aux"'.

LaTeX Font Info:    Checking defaults for OML/cmm/m/it on input line 23.
LaTeX Font Info:    ... okay on input line 23.
LaTeX Font Info:    Checking defaults for OMS/cmsy/m/n on input line 23.
LaTeX Font Info:    ... okay on input line 23.
LaTeX Font Info:    Checking defaults for OT1/cmr/m/n on input line 23.
LaTeX Font Info:    ... okay on input line 23.
LaTeX Font Info:    Checking defaults for T1/cmr/m/n on input line 23.
LaTeX Font Info:    ... okay on input line 23.
LaTeX Font Info:    Checking defaults for TS1/cmr/m/n on input line 23.
LaTeX Font Info:    ... okay on input line 23.
LaTeX Font Info:    Checking defaults for TU/lmr/m/n on input line 23.
LaTeX Font Info:    ... okay on input line 23.
LaTeX Font Info:    Checking defaults for OMX/cmex/m/n on input line 23.
LaTeX Font Info:    ... okay on input line 23.
LaTeX Font Info:    Checking defaults for U/cmr/m/n on input line 23.
LaTeX Font Info:    ... okay on input line 23.
LaTeX Font Info:    Checking defaults for PD1/pdf/m/n on input line 23.
LaTeX Font Info:    ... okay on input line 23.
LaTeX Font Info:    Checking defaults for PU/pdf/m/n on input line 23.
LaTeX Font Info:    ... okay on input line 23.

*geometry* driver: auto-detecting
*geometry* detected driver: xetex
*geometry* verbose mode - [ preamble ] result:
* driver: xetex
* paper: <default>
* layout: <same size as paper>
* layoutoffset:(h,v)=(0.0pt,0.0pt)
* modes: 
* h-part:(L,W,R)=(44.67102pt, 508.16583pt, 44.67102pt)
* v-part:(T,H,B)=(54.06006pt, 718.71698pt, 72.2698pt)
* \paperwidth=597.50787pt
* \paperheight=845.04684pt
* \textwidth=508.16583pt
* \textheight=718.71698pt
* \oddsidemargin=-27.59897pt
* \evensidemargin=-27.59897pt
* \topmargin=-46.4363pt
* \headheight=14.0pt
* \headsep=14.22636pt
* \topskip=10.0pt
* \footskip=28.45274pt
* \marginparwidth=4.0pt
* \marginparsep=10.0pt
* \columnsep=18.06734pt
* \skip\footins=9.0pt plus 4.0pt minus 2.0pt
* \hoffset=0.0pt
* \voffset=0.0pt
* \mag=1000
* \@twocolumntrue
* \@twosidefalse
* \@mparswitchfalse
* \@reversemarginfalse
* (1in=72.27pt=25.4mm, 1cm=28.453pt)


Package fontspec Info: 
(fontspec)             Adjusting the maths setup (use [no-math] to avoid
(fontspec)             this).

\symlegacymaths=\mathgroup6
LaTeX Font Info:    Overwriting symbol font `legacymaths' in version `bold'
(Font)                  OT1/cmr/m/n --> OT1/cmr/bx/n on input line 23.
LaTeX Font Info:    Redeclaring math accent \acute on input line 23.
LaTeX Font Info:    Redeclaring math accent \grave on input line 23.
LaTeX Font Info:    Redeclaring math accent \ddot on input line 23.
LaTeX Font Info:    Redeclaring math accent \tilde on input line 23.
LaTeX Font Info:    Redeclaring math accent \bar on input line 23.
LaTeX Font Info:    Redeclaring math accent \breve on input line 23.
LaTeX Font Info:    Redeclaring math accent \check on input line 23.
LaTeX Font Info:    Redeclaring math accent \hat on input line 23.
LaTeX Font Info:    Redeclaring math accent \dot on input line 23.
LaTeX Font Info:    Redeclaring math accent \mathring on input line 23.
LaTeX Font Info:    Redeclaring math symbol \Gamma on input line 23.
LaTeX Font Info:    Redeclaring math symbol \Delta on input line 23.
LaTeX Font Info:    Redeclaring math symbol \Theta on input line 23.
LaTeX Font Info:    Redeclaring math symbol \Lambda on input line 23.
LaTeX Font Info:    Redeclaring math symbol \Xi on input line 23.
LaTeX Font Info:    Redeclaring math symbol \Pi on input line 23.
LaTeX Font Info:    Redeclaring math symbol \Sigma on input line 23.
LaTeX Font Info:    Redeclaring math symbol \Upsilon on input line 23.
LaTeX Font Info:    Redeclaring math symbol \Phi on input line 23.
LaTeX Font Info:    Redeclaring math symbol \Psi on input line 23.
LaTeX Font Info:    Redeclaring math symbol \Omega on input line 23.
LaTeX Font Info:    Redeclaring math symbol \mathdollar on input line 23.
LaTeX Font Info:    Redeclaring symbol font `operators' on input line 23.
LaTeX Font Info:    Encoding `OT1' has changed to `TU' for symbol font
(Font)              `operators' in the math version `normal' on input line 23.
LaTeX Font Info:    Overwriting symbol font `operators' in version `normal'
(Font)                  OT1/cmr/m/n --> TU/TimesNewRoman(0)/m/n on input line 2
3.
LaTeX Font Info:    Encoding `OT1' has changed to `TU' for symbol font
(Font)              `operators' in the math version `bold' on input line 23.
LaTeX Font Info:    Overwriting symbol font `operators' in version `bold'
(Font)                  OT1/cmr/bx/n --> TU/TimesNewRoman(0)/m/n on input line 
23.
LaTeX Font Info:    Overwriting symbol font `operators' in version `normal'
(Font)                  TU/TimesNewRoman(0)/m/n --> TU/TimesNewRoman(0)/m/n on 
input line 23.
LaTeX Font Info:    Overwriting math alphabet `\mathit' in version `normal'
(Font)                  OT1/cmr/m/it --> TU/TimesNewRoman(0)/m/it on input line
 23.
LaTeX Font Info:    Overwriting math alphabet `\mathbf' in version `normal'
(Font)                  OT1/cmr/bx/n --> TU/TimesNewRoman(0)/b/n on input line 
23.
LaTeX Font Info:    Overwriting math alphabet `\mathsf' in version `normal'
(Font)                  OT1/cmss/m/n --> TU/lmss/m/n on input line 23.
LaTeX Font Info:    Overwriting math alphabet `\mathtt' in version `normal'
(Font)                  OT1/cmtt/m/n --> TU/lmtt/m/n on input line 23.
LaTeX Font Info:    Overwriting symbol font `operators' in version `bold'
(Font)                  TU/TimesNewRoman(0)/m/n --> TU/TimesNewRoman(0)/b/n on 
input line 23.
LaTeX Font Info:    Overwriting math alphabet `\mathit' in version `bold'
(Font)                  OT1/cmr/bx/it --> TU/TimesNewRoman(0)/b/it on input lin
e 23.
LaTeX Font Info:    Overwriting math alphabet `\mathsf' in version `bold'
(Font)                  OT1/cmss/bx/n --> TU/lmss/b/n on input line 23.
LaTeX Font Info:    Overwriting math alphabet `\mathtt' in version `bold'
(Font)                  OT1/cmtt/m/n --> TU/lmtt/b/n on input line 23.
LaTeX Info: Redefining \microtypecontext on input line 23.
Package microtype Info: Applying patch `item' on input line 23.
Package microtype Info: Applying patch `toc' on input line 23.
Package microtype Info: Applying patch `eqnum' on input line 23.
Package microtype Info: Applying patch `footnote' on input line 23.
Package microtype Info: Applying patch `verbatim' on input line 23.
LaTeX Info: Redefining \microtypesetup on input line 23.
Package microtype Info: Character protrusion enabled (level 2).
Package microtype Info: Using default protrusion set `alltext'.
Package microtype Info: No adjustment of tracking.
Package microtype Info: No adjustment of spacing.
Package microtype Info: No adjustment of kerning.
Package microtype Info: Loading generic protrusion settings for font family
(microtype)             `TimesNewRoman' (encoding: TU).
(microtype)             For optimal results, create family-specific settings.
(microtype)             See the microtype manual for details.
Package caption Info: Begin \AtBeginDocument code.
Package caption Info: hyperref package is loaded.
Package caption Info: End \AtBeginDocument code.
(C:\Users\Svt\AppData\Local\Programs\MiKTeX\tex/latex/graphics\color.sty
Package: color 2025/01/14 v1.3e Standard LaTeX Color (DPC)

(C:\Users\Svt\AppData\Local\Programs\MiKTeX\tex/latex/graphics-cfg\color.cfg
File: color.cfg 2016/01/02 v1.6 sample color configuration
)
Package color Info: Driver file: xetex.def on input line 149.

(C:\Users\Svt\AppData\Local\Programs\MiKTeX\tex/latex/graphics\mathcolor.ltx))
Package hyperref Info: Link coloring ON on input line 23.

(Хлобустова Светлана МПИ-25-1-1 CV 3d.out)
(Хлобустова Светлана МПИ-25-1-1 CV 3d.out)
\@outlinefile=\write3
\openout3 = `"Хлобустова Светлана МПИ-25-1-1 CV 3d.out"'.


Underfull \hbox (badness 6047) in paragraph at lines 24--24
\TU/TimesNewRoman(1)/b/n/10 исследование трёх архитектур обработки облаков
 []


Underfull \hbox (badness 1466) in paragraph at lines 24--24
\TU/TimesNewRoman(1)/b/n/10 точек — PointNet, DGCNN и SA-MLP — в задаче
 []


Underfull \hbox (badness 10000) in paragraph at lines 24--24
\TU/TimesNewRoman(1)/b/n/10 классификации 3D-моделей объектов культурного
 []


Underfull \hbox (badness 10000) in paragraph at lines 24--24
\TU/TimesNewRoman(1)/b/n/10 наследия. Модели обучены на подмножестве
 []


Underfull \hbox (badness 10000) in paragraph at lines 24--24
\TU/TimesNewRoman(1)/b/n/10 ModelNet40 (пять классов сосудов-артефактов) и
 []


Underfull \hbox (badness 10000) in paragraph at lines 24--24
\TU/TimesNewRoman(1)/b/n/10 данных, при контролируемом гауссовом шуме и
 []


Underfull \hbox (badness 1603) in paragraph at lines 24--24
\TU/TimesNewRoman(1)/b/n/10 на независимом наборе из 50 реальных 3D-сканов
 []


Underfull \hbox (badness 3690) in paragraph at lines 24--24
\TU/TimesNewRoman(1)/b/n/10 (−0.9 п.п.), тогда как PointNet и SA-MLP теряют
 []


Underfull \hbox (badness 3128) in paragraph at lines 24--24
\TU/TimesNewRoman(1)/b/n/10 около 30 п.п., что противоположно их поведению
 []


Underfull \hbox (badness 10000) in paragraph at lines 24--24
\TU/TimesNewRoman(1)/b/n/10 при синтетическом зашумлении. Таким образом,
 []


Underfull \hbox (badness 5374) in paragraph at lines 24--24
\TU/TimesNewRoman(1)/b/n/10 DGCNN демонстрирует наилучшую практическую
 []


Underfull \hbox (badness 10000) in paragraph at lines 24--24
\TU/TimesNewRoman(1)/b/n/10 применимость для классификации реальных
 []


Underfull \hbox (badness 10000) in paragraph at lines 24--24
\TU/TimesNewRoman(1)/b/n/10 доменный сдвиг, классификация 3D-объектов,
 []


Underfull \hbox (badness 1852) in paragraph at lines 24--24
\TU/TimesNewRoman(1)/b/n/10 компьютерное зрение, облака точек, set-abstraction,

 []

LaTeX Font Info:    Trying to load font information for U+msa on input line 28.

(C:\Users\Svt\AppData\Local\Programs\MiKTeX\tex/latex/amsfonts\umsa.fd
File: umsa.fd 2013/01/14 v3.01 AMS symbols A
)
(C:\Users\Svt\AppData\Local\Programs\MiKTeX\tex/latex/microtype\mt-msa.cfg
File: mt-msa.cfg 2006/02/04 v1.1 microtype config. file: AMS symbols (a) (RS)
)
LaTeX Font Info:    Trying to load font information for U+msb on input line 28.


(C:\Users\Svt\AppData\Local\Programs\MiKTeX\tex/latex/amsfonts\umsb.fd
File: umsb.fd 2013/01/14 v3.01 AMS symbols B
)
(C:\Users\Svt\AppData\Local\Programs\MiKTeX\tex/latex/microtype\mt-msb.cfg
File: mt-msb.cfg 2005/06/01 v1.0 microtype config. file: AMS symbols (b) (RS)
)
(C:\Users\Svt\AppData\Local\Programs\MiKTeX\tex/latex/microtype\mt-cmr.cfg
File: mt-cmr.cfg 2013/05/19 v2.2 microtype config. file: Computer Modern Roman 
(RS)
)
Underfull \hbox (badness 5908) in paragraph at lines 28--29
\TU/TimesNewRoman(1)/m/n/10 распознавания объектов, робототехники, автономного
 []


Underfull \hbox (badness 2376) in paragraph at lines 28--29
\TU/TimesNewRoman(1)/m/n/10 транспорта и цифровизации культурного наследия. В
 []


Underfull \hbox (badness 3514) in paragraph at lines 28--29
\TU/TimesNewRoman(1)/m/n/10 отличие от двумерных изображений, представленных
 []


Underfull \hbox (badness 10000) in paragraph at lines 28--29
\TU/TimesNewRoman(1)/m/n/10 регулярной сеткой пикселей, трёхмерные объекты
 []


Underfull \hbox (badness 10000) in paragraph at lines 28--29
\TU/TimesNewRoman(1)/m/n/10 сетки, полигональные меши, облака точек и
 []


Underfull \hbox (badness 5681) in paragraph at lines 28--29
\TU/TimesNewRoman(1)/m/n/10 сканеров и лидаров, и не требует предварительной
 []


Underfull \hbox (badness 10000) in paragraph at lines 30--31
[]\TU/TimesNewRoman(1)/m/n/10 Ключевая трудность обработки облаков точек
 []


Underfull \hbox (badness 1014) in paragraph at lines 30--31
\TU/TimesNewRoman(1)/m/n/10 перестановке точек, поэтому классические свёрточные

 []


Underfull \hbox (badness 10000) in paragraph at lines 30--31
\TU/TimesNewRoman(1)/m/n/10 архитектур, работавших непосредственно с сырыми
 []


Underfull \hbox (badness 10000) in paragraph at lines 30--31
\TU/TimesNewRoman(1)/m/n/10 точками, стала PointNet [2]. Последующие работы
 []


Underfull \hbox (badness 10000) in paragraph at lines 30--31
\TU/TimesNewRoman(1)/m/n/10 — PointNet++ [3], DGCNN [4], Point Transformer
 []


Underfull \hbox (badness 6268) in paragraph at lines 30--31
\TU/TimesNewRoman(1)/m/n/10 [5] — развивали идею учёта локальной геометрии,
 []


Underfull \hbox (badness 4608) in paragraph at lines 30--31
\TU/TimesNewRoman(1)/m/n/10 что существенно расширило возможности обработки
 []


Underfull \hbox (badness 1721) in paragraph at lines 32--33
\TU/TimesNewRoman(1)/m/n/10 экспонатов содержат неравномерную плотность точек,
 []


Underfull \hbox (badness 4582) in paragraph at lines 32--33
\TU/TimesNewRoman(1)/m/n/10 шум, пропуски и артефакты реконструкции. Вопрос
 []


Underfull \hbox (badness 2538) in paragraph at lines 32--33
\TU/TimesNewRoman(1)/m/n/10 о том, насколько точность на синтетических данных
 []


Underfull \hbox (badness 10000) in paragraph at lines 32--33
\TU/TimesNewRoman(1)/m/n/10 определяет практическую применимость методов
 []


Underfull \hbox (badness 10000) in paragraph at lines 32--33
\TU/TimesNewRoman(1)/m/n/10 в задачах цифровизации культурного наследия [8].
 []


Underfull \hbox (badness 10000) in paragraph at lines 32--33
\TU/TimesNewRoman(1)/m/n/10 учёта их специфики — неравномерной плотности,
 []


Underfull \hbox (badness 1648) in paragraph at lines 32--33
\TU/TimesNewRoman(1)/m/n/10 оценки нескольких архитектур по единому протоколу
 []


Underfull \hbox (badness 2772) in paragraph at lines 32--33
\TU/TimesNewRoman(1)/m/n/10 применялась и в работах студентов кафедры: в [19]
 []


Underfull \hbox (badness 10000) in paragraph at lines 32--33
\TU/TimesNewRoman(1)/m/n/10 задача классификации объектов нескольких типов
 []


Underfull \hbox (badness 5359) in paragraph at lines 32--33
\TU/TimesNewRoman(1)/m/n/10 средствами компьютерного зрения с использованием
 []


Underfull \hbox (badness 10000) in paragraph at lines 34--36
[]\TU/TimesNewRoman(1)/m/n/10 Настоящая работа ставит следующие
 []


Underfull \hbox (badness 10000) in paragraph at lines 36--37
[]\TU/TimesNewRoman(1)/m/n/10 Как выбор архитектурного подхода влияет на
 []


Underfull \hbox (badness 6758) in paragraph at lines 36--37
\TU/TimesNewRoman(1)/m/n/10 точность классификации 3D-моделей артефактов
 []


Underfull \hbox (badness 10000) in paragraph at lines 37--38
[]\TU/TimesNewRoman(1)/m/n/10 Какая архитектура наиболее устойчива к
 []


Underfull \hbox (badness 10000) in paragraph at lines 37--38
\TU/TimesNewRoman(1)/m/n/10 синтетическому гауссову шуму во входных
 []


Underfull \hbox (badness 10000) in paragraph at lines 38--39
[]\TU/TimesNewRoman(1)/m/n/10 Сохраняется ли ранжирование архитектур при
 []


Underfull \hbox (badness 5288) in paragraph at lines 38--39
\TU/TimesNewRoman(1)/m/n/10 переходе от синтетических данных к реальным
 []

[1


]
Underfull \hbox (badness 10000) in paragraph at lines 47--48
[]\TU/TimesNewRoman(1)/m/n/10 Для обучения использовалось подмножество
 []


Underfull \hbox (badness 10000) in paragraph at lines 47--48
\TU/TimesNewRoman(1)/m/n/10 ModelNet40 [6], содержащего 12311 CAD-моделей
 []


Underfull \hbox (badness 4217) in paragraph at lines 47--48
\TU/TimesNewRoman(1)/m/n/10 40 категорий. Применялась предобработанная версия
 []


Underfull \hbox (badness 1968) in paragraph at lines 47--48
\TU/TimesNewRoman(1)/m/n/10 сосудов-артефактов: \TU/TimesNewRoman(1)/m/it/10 bo
ttle\TU/TimesNewRoman(1)/m/n/10 , \TU/TimesNewRoman(1)/m/it/10 bowl\TU/TimesNew
Roman(1)/m/n/10 , \TU/TimesNewRoman(1)/m/it/10 cup\TU/TimesNewRoman(1)/m/n/10 ,
 \TU/TimesNewRoman(1)/m/it/10 flower_pot\TU/TimesNewRoman(1)/m/n/10 , \TU/Times
NewRoman(1)/m/it/10 vase\TU/TimesNewRoman(1)/m/n/10 .
 []


Underfull \hbox (badness 5832) in paragraph at lines 68--69
[]\TU/TimesNewRoman(1)/m/n/10 Выборка несбалансирована: классы \TU/TimesNewRoma
n(1)/m/it/10 vase \TU/TimesNewRoman(1)/m/n/10 и \TU/TimesNewRoman(1)/m/it/10 bo
ttle
 []


Underfull \hbox (badness 1067) in paragraph at lines 68--69
\TU/TimesNewRoman(1)/m/n/10 доминируют. Классы близки по форме и различаются
 []


Underfull \hbox (badness 10000) in paragraph at lines 68--69
\TU/TimesNewRoman(1)/m/n/10 локальными деталями, например ручкой у \TU/TimesNew
Roman(1)/m/it/10 cup \TU/TimesNewRoman(1)/m/n/10 и
 []


Underfull \hbox (badness 1629) in paragraph at lines 68--69
\TU/TimesNewRoman(1)/m/n/10 формой горла у \TU/TimesNewRoman(1)/m/it/10 vase \T
U/TimesNewRoman(1)/m/n/10 и \TU/TimesNewRoman(1)/m/it/10 flower_pot\TU/TimesNew
Roman(1)/m/n/10 , что делает задачу
 []

File: figures/fig01.jpg Graphic file (type bmp)
<figures/fig01.jpg>

Underfull \hbox (badness 10000) in paragraph at lines 79--80
[]\TU/TimesNewRoman(1)/m/n/10 Для оценки устойчивости к доменному сдвигу
 []


Underfull \hbox (badness 10000) in paragraph at lines 79--80
\TU/TimesNewRoman(1)/m/n/10 подготовлен независимый тестовый набор из 50
 []


Underfull \hbox (badness 4084) in paragraph at lines 79--80
\TU/TimesNewRoman(1)/m/n/10 3D-моделей музейных предметов (по 10 на каждый
 []


Underfull \hbox (badness 10000) in paragraph at lines 79--80
\TU/TimesNewRoman(1)/m/n/10 из пяти классов). Модели получены из открытого
 []


Underfull \hbox (badness 10000) in paragraph at lines 79--80
\TU/TimesNewRoman(1)/m/n/10 репозитория Sketchfab, раздел Cultural Heritage,
 []


Underfull \hbox (badness 10000) in paragraph at lines 79--80
\TU/TimesNewRoman(1)/m/n/10 с условиями лицензирования, допускающими
 []


Underfull \hbox (badness 4467) in paragraph at lines 79--80
\TU/TimesNewRoman(1)/m/n/10 использование соответствующих моделей. В отличие
 []


Underfull \hbox (badness 4084) in paragraph at lines 79--80
\TU/TimesNewRoman(1)/m/n/10 от CAD-моделей ModelNet40, эти объекты являются
 []


Underfull \hbox (badness 10000) in paragraph at lines 79--80
\TU/TimesNewRoman(1)/m/n/10 результатом реконструкции реальных предметов
 []


Underfull \hbox (badness 10000) in paragraph at lines 79--80
\TU/TimesNewRoman(1)/m/n/10 и содержат неравномерную плотность точек, шум
 []


Underfull \hbox (badness 5050) in paragraph at lines 81--82
\TU/TimesNewRoman(1)/m/n/10 исключительно на этапе инференса, без дообучения
 []

File: figures/fig02.jpg Graphic file (type bmp)
<figures/fig02.jpg>

Underfull \hbox (badness 10000) in paragraph at lines 92--93
[]\TU/TimesNewRoman(1)/m/n/10 Для сравнения выбраны три архитектуры,
 []


Underfull \hbox (badness 10000) in paragraph at lines 92--93
\TU/TimesNewRoman(1)/m/n/10 представляющие различные подходы к обработке
 []


Underfull \hbox (badness 1052) in paragraph at lines 96--97
\TU/TimesNewRoman(1)/m/n/10 серией общих многослойных перцептронов (Conv1d с
 []


Underfull \hbox (badness 10000) in paragraph at lines 96--97
\TU/TimesNewRoman(1)/m/n/10 дескриптор с помощью глобального max-pooling.
 []


Underfull \hbox (badness 10000) in paragraph at lines 96--97
\TU/TimesNewRoman(1)/m/n/10 Для обучения пространственного выравнивания
 []


Underfull \hbox (badness 4479) in paragraph at lines 96--97
\TU/TimesNewRoman(1)/m/n/10 используются обучаемые матрицы T-Net. Модель не
 []


Underfull \hbox (badness 10000) in paragraph at lines 96--97
\TU/TimesNewRoman(1)/m/n/10 учитывает взаимное расположение соседних точек
 []


Underfull \hbox (badness 10000) in paragraph at lines 96--97
\TU/TimesNewRoman(1)/m/n/10 — глобальное агрегирование является её ключевой
 []

File: figures/fig03.jpg Graphic file (type bmp)
<figures/fig03.jpg>

Underfull \hbox (badness 5622) in paragraph at lines 107--108
\TU/TimesNewRoman(1)/m/n/10 Граф перестраивается динамически на каждом слое
 []


Underfull \hbox (badness 10000) in paragraph at lines 107--108
\TU/TimesNewRoman(1)/m/n/10 в пространстве признаков. Финальный дескриптор
 []


Underfull \hbox (badness 10000) in paragraph at lines 107--108
\TU/TimesNewRoman(1)/m/n/10 формируется комбинацией max- и average-pooling.
 []

File: figures/fig04.jpg Graphic file (type bmp)
<figures/fig04.jpg>

Underfull \hbox (badness 7832) in paragraph at lines 118--119
[]\TU/TimesNewRoman(1)/m/n/10 SA-MLP (Set-Abstraction MLP) — иерархическая
 []


Underfull \hbox (badness 10000) in paragraph at lines 118--119
\TU/TimesNewRoman(1)/m/n/10 архитектура на основе механизма set-abstraction
 []


Underfull \hbox (badness 7468) in paragraph at lines 118--119
\TU/TimesNewRoman(1)/m/n/10 [3], в которой последовательно применяются отбор
 []


Underfull \hbox (badness 10000) in paragraph at lines 118--119
\TU/TimesNewRoman(1)/m/n/10 центроидов методом farthest point sampling (FPS),
 []


Underfull \hbox (badness 10000) in paragraph at lines 118--119
\TU/TimesNewRoman(1)/m/n/10 группировка локальных окрестностей процедурой
 []


Underfull \hbox (badness 10000) in paragraph at lines 118--119
\TU/TimesNewRoman(1)/m/n/10 ball query, обработка сгруппированных признаков
 []


Underfull \hbox (badness 3323) in paragraph at lines 118--119
\TU/TimesNewRoman(1)/m/n/10 остаточными MLP-блоками с агрегацией max-pooling.
 []


Underfull \hbox (badness 4403) in paragraph at lines 118--119
\TU/TimesNewRoman(1)/m/n/10 С каждым уровнем число точек уменьшается (1024
 []


Underfull \hbox (badness 10000) in paragraph at lines 118--119
\TU/TimesNewRoman(1)/m/n/10 В отличие от PointNet++, архитектура использует
 []


Underfull \hbox (badness 10000) in paragraph at lines 118--119
\TU/TimesNewRoman(1)/m/n/10 собственную конфигурацию остаточных блоков и
 []

[2]
File: figures/fig05.jpg Graphic file (type bmp)
<figures/fig05.jpg>

Underfull \hbox (badness 10000) in paragraph at lines 131--132
[]\TU/TimesNewRoman(1)/m/n/10 Все три модели обучены по одному
 []

Package microtype Info: Loading generic protrusion settings for font family
(microtype)             `CourierNew' (encoding: TU).
(microtype)             For optimal results, create family-specific settings.
(microtype)             See the microtype manual for details.

Underfull \hbox (badness 10000) in paragraph at lines 155--156
[]\TU/TimesNewRoman(1)/m/n/10 Для устранения неопределённости случайного
 []


Underfull \hbox (badness 1077) in paragraph at lines 155--156
\TU/TimesNewRoman(1)/m/n/10 сэмплинга базовый тестовый набор фиксируется один
 []


Underfull \hbox (badness 2884) in paragraph at lines 155--156
\TU/TimesNewRoman(1)/m/n/10 эксперименте с шумом к фиксированному тестовому
 []


Underfull \hbox (badness 10000) in paragraph at lines 155--156
\TU/TimesNewRoman(1)/m/n/10 набору добавляется гауссов шум с заданным $\OML/cmm
/m/it/10 ^^[$\TU/TimesNewRoman(1)/m/n/10 ;
 []


Underfull \hbox (badness 3977) in paragraph at lines 155--156
\TU/TimesNewRoman(1)/m/n/10 результаты усредняются по 10 независимым seed’ам
 []


Underfull \hbox (badness 10000) in paragraph at lines 155--156
\TU/TimesNewRoman(1)/m/n/10 данных выполняется детерминированно в режиме
 []


Underfull \hbox (badness 4441) in paragraph at lines 159--160
[]\TU/TimesNewRoman(1)/m/n/10 Overall accuracy (OA) используется как основная
 []


Underfull \hbox (badness 10000) in paragraph at lines 165--166
[]\TU/TimesNewRoman(1)/m/n/10 Результаты на фиксированной тестовой выборке
 []


Underfull \hbox (badness 10000) in paragraph at lines 165--166
\TU/TimesNewRoman(1)/m/n/10 OA у DGCNN. SA-MLP достигает конкурентного
 []

File: figures/fig06.jpg Graphic file (type bmp)
<figures/fig06.jpg>
File: figures/fig07.jpg Graphic file (type bmp)
<figures/fig07.jpg>

Underfull \hbox (badness 7064) in paragraph at lines 200--201
[]\TU/TimesNewRoman(1)/m/n/10 К фиксированному тестовому набору добавлялся
 []


Underfull \hbox (badness 6078) in paragraph at lines 200--201
\TU/TimesNewRoman(1)/m/n/10 Результаты (табл. [][]IV[][], рис. [][]8[][]) показ
ывают, что при
 []


Underfull \hbox (badness 6575) in paragraph at lines 220--221
\TU/TimesNewRoman(1)/m/n/10 деградируют до примерно 43%, тогда как PointNet
 []


Underfull \hbox (badness 10000) in paragraph at lines 220--221
\TU/TimesNewRoman(1)/m/n/10 сохраняет 68.6%. Разброс $\OMS/cmsy/m/n/10 ^^F$\TU/
TimesNewRoman(1)/m/n/10 std во всех случаях
 []


Underfull \hbox (badness 10000) in paragraph at lines 220--221
\TU/TimesNewRoman(1)/m/n/10 существенно ниже различий между моделями при
 []

File: figures/fig08.jpg Graphic file (type bmp)
<figures/fig08.jpg>

Underfull \hbox (badness 10000) in paragraph at lines 231--232
\TU/TimesNewRoman(1)/m/n/10 картину, противоположную шумовому эксперименту
 []


Underfull \hbox (badness 10000) in paragraph at lines 248--249
[]\TU/TimesNewRoman(1)/m/n/10 DGCNN практически не потерял в точности.
 []


Underfull \hbox (badness 1448) in paragraph at lines 248--249
\TU/TimesNewRoman(1)/m/n/10 PointNet и SA-MLP теряют около 30 п.п., что прямо
 []

[3]
File: figures/fig09.jpg Graphic file (type bmp)
<figures/fig09.jpg>
File: figures/fig10.jpg Graphic file (type bmp)
<figures/fig10.jpg>

Underfull \hbox (badness 10000) in paragraph at lines 266--267
\TU/TimesNewRoman(1)/m/n/10 синтетическом наборе нельзя обоснованно выбрать
 []


Underfull \hbox (badness 3019) in paragraph at lines 266--267
\TU/TimesNewRoman(1)/m/n/10 архитектуру для практического применения. SA-MLP
 []


Underfull \hbox (badness 10000) in paragraph at lines 268--269
[]\TU/TimesNewRoman(1)/m/n/10 Эксперимент с шумом выявляет компромисс
 []


Underfull \hbox (badness 6125) in paragraph at lines 268--269
\TU/TimesNewRoman(1)/m/n/10 «точность – устойчивость». PointNet, показывающий
 []


Underfull \hbox (badness 1199) in paragraph at lines 268--269
\TU/TimesNewRoman(1)/m/n/10 аддитивному шуму. Одним из возможных объяснений
 []


Underfull \hbox (badness 10000) in paragraph at lines 268--269
\TU/TimesNewRoman(1)/m/n/10 явные локальные отношения между соседними
 []


Underfull \hbox (badness 2573) in paragraph at lines 268--269
\TU/TimesNewRoman(1)/m/n/10 представление. DGCNN и SA-MLP, более точные на
 []


Underfull \hbox (badness 2626) in paragraph at lines 268--269
\TU/TimesNewRoman(1)/m/n/10 чистых данных, резко деградируют при $\OML/cmm/m/it
/10 ^^[ \OMS/cmsy/m/n/10 ^^U \OT1/cmr/m/n/10 0\OML/cmm/m/it/10 :\OT1/cmr/m/n/10
 05$\TU/TimesNewRoman(1)/m/n/10 ,
 []


Underfull \hbox (badness 8094) in paragraph at lines 268--269
\TU/TimesNewRoman(1)/m/n/10 что может быть связано с нарушением локальных
 []


Underfull \hbox (badness 10000) in paragraph at lines 268--269
\TU/TimesNewRoman(1)/m/n/10 окрестностей, используемых при построении графа
 []


Underfull \hbox (badness 10000) in paragraph at lines 270--271
[]\TU/TimesNewRoman(1)/m/n/10 Перенос на реальные сканы даёт результат,
 []


Underfull \hbox (badness 1226) in paragraph at lines 270--271
\TU/TimesNewRoman(1)/m/n/10 причиной является то, что реальный доменный сдвиг
 []


Underfull \hbox (badness 1072) in paragraph at lines 270--271
\TU/TimesNewRoman(1)/m/n/10 — это не аддитивный случайный шум, а качественно
 []


Underfull \hbox (badness 6396) in paragraph at lines 270--271
\TU/TimesNewRoman(1)/m/n/10 иное изменение распределения геометрии: реальные
 []


Underfull \hbox (badness 10000) in paragraph at lines 270--271
\TU/TimesNewRoman(1)/m/n/10 плотностью точек, тогда как ModelNet40 содержит
 []


Underfull \hbox (badness 6016) in paragraph at lines 270--271
\TU/TimesNewRoman(1)/m/n/10 сэмплированные поверхности. Одним из возможных
 []


Underfull \hbox (badness 3396) in paragraph at lines 270--271
\TU/TimesNewRoman(1)/m/n/10 объяснений хорошего переноса DGCNN может быть
 []


Underfull \hbox (badness 10000) in paragraph at lines 270--271
\TU/TimesNewRoman(1)/m/n/10 использование $\OML/cmm/m/it/10 k$ \TU/TimesNewRoma
n(1)/m/n/10 ближайших соседей: локальные
 []


Underfull \hbox (badness 10000) in paragraph at lines 270--271
\TU/TimesNewRoman(1)/m/n/10 их положения в окрестности, что потенциально
 []


Underfull \hbox (badness 10000) in paragraph at lines 270--271
\TU/TimesNewRoman(1)/m/n/10 снижает зависимость представления от абсолютной
 []


Underfull \hbox (badness 10000) in paragraph at lines 270--271
\TU/TimesNewRoman(1)/m/n/10 плотности сэмплирования. Однако данная гипотеза
 []


Underfull \hbox (badness 2556) in paragraph at lines 270--271
\TU/TimesNewRoman(1)/m/n/10 требует отдельной проверки. Снижение качества при
 []


Underfull \hbox (badness 1248) in paragraph at lines 270--271
\TU/TimesNewRoman(1)/m/n/10 переносе с синтетических на реальные данные также
 []


Underfull \hbox (badness 2351) in paragraph at lines 270--271
\TU/TimesNewRoman(1)/m/n/10 наблюдается в других задачах компьютерного зрения
 []

[4]
Underfull \hbox (badness 1968) in paragraph at lines 272--273
\TU/TimesNewRoman(1)/m/n/10 рассматриваемой задачи результаты на синтетическом
 []


Underfull \hbox (badness 10000) in paragraph at lines 272--273
\TU/TimesNewRoman(1)/m/n/10 культурного наследия оценка на реальном домене
 []


Underfull \hbox (badness 3009) in paragraph at lines 276--277
[]\TU/TimesNewRoman(1)/m/n/10 Размер собственного набора реальных сканов (50
 []


Underfull \hbox (badness 10000) in paragraph at lines 276--277
\TU/TimesNewRoman(1)/m/n/10 точности. Обучающая выборка ограничена пятью
 []


Underfull \hbox (badness 5607) in paragraph at lines 276--277
\TU/TimesNewRoman(1)/m/n/10 классами из 40 и несбалансирована. Предложенные
 []


Underfull \hbox (badness 10000) in paragraph at lines 276--277
\TU/TimesNewRoman(1)/m/n/10 как причина сдвига, глобальный max-pooling как
 []


Underfull \hbox (badness 10000) in paragraph at lines 276--277
\TU/TimesNewRoman(1)/m/n/10 источник шумоустойчивости) являются гипотезами,
 []


Underfull \hbox (badness 2608) in paragraph at lines 276--277
\TU/TimesNewRoman(1)/m/n/10 согласующимися с наблюдениями, а не доказанными
 []


Underfull \hbox (badness 10000) in paragraph at lines 276--277
\TU/TimesNewRoman(1)/m/n/10 утверждениями. Наконец, эксперименты проведены
 []


Underfull \hbox (badness 10000) in paragraph at lines 276--277
\TU/TimesNewRoman(1)/m/n/10 в едином прогоне без усреднения по нескольким
 []


Underfull \hbox (badness 7522) in paragraph at lines 280--281
[]\TU/TimesNewRoman(1)/m/n/10 В работе проведено сравнительное исследование
 []


Underfull \hbox (badness 4846) in paragraph at lines 280--281
\TU/TimesNewRoman(1)/m/n/10 трёх нейросетевых архитектур — PointNet, DGCNN
 []


Underfull \hbox (badness 6316) in paragraph at lines 280--281
\TU/TimesNewRoman(1)/m/n/10 и SA-MLP — в задаче классификации 3D-моделей
 []


Underfull \hbox (badness 10000) in paragraph at lines 280--281
\TU/TimesNewRoman(1)/m/n/10 сосудов-артефактов по облакам точек. Модели
 []


Underfull \hbox (badness 10000) in paragraph at lines 280--281
\TU/TimesNewRoman(1)/m/n/10 обучены по одному экспериментальному протоколу
 []


Underfull \hbox (badness 10000) in paragraph at lines 282--283
[]\TU/TimesNewRoman(1)/m/n/10 На чистых данных все три модели показали
 []


Underfull \hbox (badness 10000) in paragraph at lines 282--283
\TU/TimesNewRoman(1)/m/n/10 близкую точность (84.6–86.9%). Эксперименты с
 []


Underfull \hbox (badness 10000) in paragraph at lines 282--283
\TU/TimesNewRoman(1)/m/n/10 шумом и реальными данными выявили различия:
 []


Underfull \hbox (badness 4254) in paragraph at lines 282--283
\TU/TimesNewRoman(1)/m/n/10 PointNet наиболее устойчив к синтетическому шуму
 []


Underfull \hbox (badness 3098) in paragraph at lines 282--283
\TU/TimesNewRoman(1)/m/n/10 (−2.8 п.п. при $\OML/cmm/m/it/10 ^^[ \OT1/cmr/m/n/1
0 = 0\OML/cmm/m/it/10 :\OT1/cmr/m/n/10 05$\TU/TimesNewRoman(1)/m/n/10 ), но тер
яет 30.6 п.п. на
 []


Underfull \hbox (badness 6284) in paragraph at lines 282--283
\TU/TimesNewRoman(1)/m/n/10 шуму (−21.1 п.п. при $\OML/cmm/m/it/10 ^^[ \OT1/cmr
/m/n/10 = 0\OML/cmm/m/it/10 :\OT1/cmr/m/n/10 05$\TU/TimesNewRoman(1)/m/n/10 ), 
единственный
 []


Underfull \hbox (badness 4144) in paragraph at lines 282--283
\TU/TimesNewRoman(1)/m/n/10 сохраняет точность на реальных данных (−0.9 п.п.).
 []


Underfull \hbox (badness 5260) in paragraph at lines 282--283
\TU/TimesNewRoman(1)/m/n/10 к синтетическому координатному шуму не являлась
 []


Underfull \hbox (badness 10000) in paragraph at lines 282--283
\TU/TimesNewRoman(1)/m/n/10 надёжным индикатором устойчивости к реальному
 []


Underfull \hbox (badness 2443) in paragraph at lines 282--283
\TU/TimesNewRoman(1)/m/n/10 доменному сдвигу. Таким образом, для практической
 []


Underfull \hbox (badness 5105) in paragraph at lines 282--283
\TU/TimesNewRoman(1)/m/n/10 задачи классификации реальных 3D-сканов объектов
 []


Underfull \hbox (badness 10000) in paragraph at lines 282--283
\TU/TimesNewRoman(1)/m/n/10 культурного наследия наиболее предпочтительной
 []


Underfull \hbox (badness 3601) in paragraph at lines 284--285
\TU/TimesNewRoman(1)/m/n/10 адаптации; включение трансформерных архитектур в
 []


Underfull \hbox (badness 1184) in paragraph at lines 302--303
[]\TU/TimesNewRoman(1)/m/n/9 К. А. Епифанов, “Исследование алгоритмов замыкания

 []


Underfull \hbox (badness 10000) in paragraph at lines 302--303
\TU/TimesNewRoman(1)/m/n/9 в промышленных, коммерческих, медицинских
 []


Underfull \hbox (badness 10000) in paragraph at lines 302--303
\TU/TimesNewRoman(1)/m/n/9 и финансовых приложениях: сборник статей
 []


Underfull \hbox (badness 10000) in paragraph at lines 302--303
\TU/TimesNewRoman(1)/m/n/9 научно-технического семинара студентов кафедры
 []


Underfull \hbox (badness 1990) in paragraph at lines 302--303
\TU/TimesNewRoman(1)/m/n/9 «Инженерной кибернетики», вып. 3, НИТУ «МИСиС»,
 []


Underfull \hbox (badness 10000) in paragraph at lines 303--304
\TU/TimesNewRoman(1)/m/n/9 из UnrealEngine для обучения модели сегментации
 []


Underfull \hbox (badness 5787) in paragraph at lines 303--304
\TU/TimesNewRoman(1)/m/n/9 мебели,” Искусственный интеллект в промышленных,
 []


Underfull \hbox (badness 6575) in paragraph at lines 303--304
\TU/TimesNewRoman(1)/m/n/9 кафедры «Инженерной кибернетики», вып. 4, НИТУ
 []


Underfull \hbox (badness 10000) in paragraph at lines 304--305
\TU/TimesNewRoman(1)/m/n/9 “Повышение точности сопровождения подвижных
 []


Underfull \hbox (badness 10000) in paragraph at lines 304--305
\TU/TimesNewRoman(1)/m/n/9 объектов с применением алгоритма комплексной
 []

[5]
Underfull \hbox (badness 1199) in paragraph at lines 305--306
\TU/TimesNewRoman(1)/m/n/9 YOLO: a comparative analysis of YOLOv10, YOLOv11,”
 []


Underfull \hbox (badness 3019) in paragraph at lines 306--307
[]\TU/TimesNewRoman(1)/m/n/9 I. M. Bakhvalov, S. V. Startsev, “Recognition of U
AVs
 []

[6

] (Хлобустова Светлана МПИ-25-1-1 CV 3d.aux)
 ***********
LaTeX2e <2025-11-01>
L3 programming layer <2025-12-24>
 ***********
Package rerunfilecheck Info: File `"Хлобустова Светлана МПИ-25-1-1 CV 3d".out' 
has not changed.
(rerunfilecheck)             Checksum: <no file>.
 ) 
Here is how much of TeX's memory you used:
 17573 strings out of 402987
 337810 string characters out of 5448938
 854074 words of memory out of 5000000
 46051 multiletter control sequences out of 15000+600000
 635805 words of font info for 104 fonts, out of 8000000 for 9000
 1348 hyphenation exceptions out of 8191
 88i,10n,109p,1082b,623s stack positions out of 10000i,1000n,20000p,200000b,200000s

Output written on Хлобустова Светлана МПИ-25-1-1 CV 3d.pdf (6 pages).
